// Jest Snapshot v1, https://goo.gl/fbAQLP

exports[`GifGridItem Tests component should display correctly 1`] = `
<div
  className="card animate__animated animate__fadeIn"
>
  <img
    alt="gifaboutthings"
    src=""
  />
  <p>
    gifaboutthings
  </p>
</div>
`;
